------------------------------------------------------------
Timing Analyzer Summary
------------------------------------------------------------

Type  : Slow 1200mV 85C Model Setup 'Clk'
Slack : -12.935
TNS   : -51.151

Type  : Slow 1200mV 85C Model Setup 'clock_generator|altpll_component|auto_generated|pll1|clk[0]'
Slack : -7.244
TNS   : -819.706

Type  : Slow 1200mV 85C Model Setup 'clock_generator|altpll_component|auto_generated|pll1|clk[1]'
Slack : 7.703
TNS   : 0.000

Type  : Slow 1200mV 85C Model Hold 'clock_generator|altpll_component|auto_generated|pll1|clk[0]'
Slack : 0.323
TNS   : 0.000

Type  : Slow 1200mV 85C Model Hold 'Clk'
Slack : 0.634
TNS   : 0.000

Type  : Slow 1200mV 85C Model Hold 'clock_generator|altpll_component|auto_generated|pll1|clk[1]'
Slack : 1.536
TNS   : 0.000

Type  : Slow 1200mV 85C Model Recovery 'Clk'
Slack : 13.497
TNS   : 0.000

Type  : Slow 1200mV 85C Model Removal 'Clk'
Slack : 4.464
TNS   : 0.000

Type  : Slow 1200mV 85C Model Minimum Pulse Width 'Clk'
Slack : 9.703
TNS   : 0.000

Type  : Slow 1200mV 85C Model Minimum Pulse Width 'clock_generator|altpll_component|auto_generated|pll1|clk[1]'
Slack : 11.574
TNS   : 0.000

Type  : Slow 1200mV 85C Model Minimum Pulse Width 'clock_generator|altpll_component|auto_generated|pll1|clk[0]'
Slack : 237.805
TNS   : 0.000

Type  : Slow 1200mV 0C Model Setup 'Clk'
Slack : -12.296
TNS   : -48.661

Type  : Slow 1200mV 0C Model Setup 'clock_generator|altpll_component|auto_generated|pll1|clk[0]'
Slack : -6.571
TNS   : -742.466

Type  : Slow 1200mV 0C Model Setup 'clock_generator|altpll_component|auto_generated|pll1|clk[1]'
Slack : 8.890
TNS   : 0.000

Type  : Slow 1200mV 0C Model Hold 'clock_generator|altpll_component|auto_generated|pll1|clk[0]'
Slack : 0.290
TNS   : 0.000

Type  : Slow 1200mV 0C Model Hold 'Clk'
Slack : 0.586
TNS   : 0.000

Type  : Slow 1200mV 0C Model Hold 'clock_generator|altpll_component|auto_generated|pll1|clk[1]'
Slack : 1.381
TNS   : 0.000

Type  : Slow 1200mV 0C Model Recovery 'Clk'
Slack : 13.860
TNS   : 0.000

Type  : Slow 1200mV 0C Model Removal 'Clk'
Slack : 4.326
TNS   : 0.000

Type  : Slow 1200mV 0C Model Minimum Pulse Width 'Clk'
Slack : 9.720
TNS   : 0.000

Type  : Slow 1200mV 0C Model Minimum Pulse Width 'clock_generator|altpll_component|auto_generated|pll1|clk[1]'
Slack : 11.591
TNS   : 0.000

Type  : Slow 1200mV 0C Model Minimum Pulse Width 'clock_generator|altpll_component|auto_generated|pll1|clk[0]'
Slack : 237.786
TNS   : 0.000

Type  : Fast 1200mV 0C Model Setup 'Clk'
Slack : -7.114
TNS   : -28.226

Type  : Fast 1200mV 0C Model Setup 'clock_generator|altpll_component|auto_generated|pll1|clk[0]'
Slack : -4.694
TNS   : -543.802

Type  : Fast 1200mV 0C Model Setup 'clock_generator|altpll_component|auto_generated|pll1|clk[1]'
Slack : 16.476
TNS   : 0.000

Type  : Fast 1200mV 0C Model Hold 'clock_generator|altpll_component|auto_generated|pll1|clk[0]'
Slack : 0.140
TNS   : 0.000

Type  : Fast 1200mV 0C Model Hold 'Clk'
Slack : 0.245
TNS   : 0.000

Type  : Fast 1200mV 0C Model Hold 'clock_generator|altpll_component|auto_generated|pll1|clk[1]'
Slack : 0.587
TNS   : 0.000

Type  : Fast 1200mV 0C Model Recovery 'Clk'
Slack : 15.112
TNS   : 0.000

Type  : Fast 1200mV 0C Model Removal 'Clk'
Slack : 2.950
TNS   : 0.000

Type  : Fast 1200mV 0C Model Minimum Pulse Width 'Clk'
Slack : 9.470
TNS   : 0.000

Type  : Fast 1200mV 0C Model Minimum Pulse Width 'clock_generator|altpll_component|auto_generated|pll1|clk[1]'
Slack : 11.615
TNS   : 0.000

Type  : Fast 1200mV 0C Model Minimum Pulse Width 'clock_generator|altpll_component|auto_generated|pll1|clk[0]'
Slack : 237.842
TNS   : 0.000

------------------------------------------------------------
